[INFO] Scanning for projects...
[INFO]                                                                         
[INFO] ------------------------------------------------------------------------
[INFO] Building Abaco 3.0.4
[INFO] ------------------------------------------------------------------------
[INFO] 
[INFO] --- maven-resources-plugin:3.0.1:copy-resources (default-resources) @ abaco ---
[INFO] Using 'UTF-8' encoding to copy filtered resources.
[INFO] Copying 63 resources
[INFO] Copying 79 resources
[INFO] 
[INFO] --- maven-resources-plugin:3.0.1:resources (default-resources) @ abaco ---
[INFO] Using 'UTF-8' encoding to copy filtered resources.
[INFO] Copying 63 resources
[INFO] Copying 79 resources
[INFO] 
[INFO] --- maven-enforcer-plugin:1.4.1:enforce (enforce-versions) @ abaco ---
[INFO] 
[INFO] --- jacoco-maven-plugin:0.7.9:prepare-agent (pre-unit-tests) @ abaco ---
[INFO] argLine set to -javaagent:C:\\Users\\Administrator\\.m2\\repository\\org\\jacoco\\org.jacoco.agent\\0.7.9\\org.jacoco.agent-0.7.9-runtime.jar=destfile=C:\\Users\\Administrator\\abaco\\backend\\target\\test-results\\coverage\\jacoco\\jacoco.exec -Djava.security.egd=file:/dev/./urandom -Xmx256m
[INFO] 
[INFO] --- maven-compiler-plugin:3.6.0:compile (default-compile) @ abaco ---
[INFO] Changes detected - recompiling the module!
[INFO] Compiling 491 source files to C:\Users\Administrator\abaco\backend\target\classes
[INFO] -------------------------------------------------------------
[ERROR] COMPILATION ERROR : 
[INFO] -------------------------------------------------------------
[ERROR] /C:/Users/Administrator/abaco/backend/src/main/java/br/com/basis/abaco/web/rest/ModuloResource.java:[84,68] cannot find symbol
  symbol:   class Modulo
  location: class br.com.basis.abaco.web.rest.ModuloResource
[ERROR] /C:/Users/Administrator/abaco/backend/src/main/java/br/com/basis/abaco/web/rest/ModuloResource.java:[84,27] cannot find symbol
  symbol:   class Modulo
  location: class br.com.basis.abaco.web.rest.ModuloResource
[ERROR] /C:/Users/Administrator/abaco/backend/src/main/java/br/com/basis/abaco/web/rest/ModuloResource.java:[118,68] cannot find symbol
  symbol:   class Modulo
  location: class br.com.basis.abaco.web.rest.ModuloResource
[ERROR] /C:/Users/Administrator/abaco/backend/src/main/java/br/com/basis/abaco/web/rest/ModuloResource.java:[118,27] cannot find symbol
  symbol:   class Modulo
  location: class br.com.basis.abaco.web.rest.ModuloResource
[ERROR] /C:/Users/Administrator/abaco/backend/src/main/java/br/com/basis/abaco/web/rest/ModuloResource.java:[137,17] cannot find symbol
  symbol:   class Modulo
  location: class br.com.basis.abaco.web.rest.ModuloResource
[ERROR] /C:/Users/Administrator/abaco/backend/src/main/java/br/com/basis/abaco/web/rest/ModuloResource.java:[150,27] cannot find symbol
  symbol:   class Modulo
  location: class br.com.basis.abaco.web.rest.ModuloResource
[ERROR] /C:/Users/Administrator/abaco/backend/src/main/java/br/com/basis/abaco/web/rest/ModuloResource.java:[160,27] cannot find symbol
  symbol:   class Modulo
  location: class br.com.basis.abaco.web.rest.ModuloResource
[ERROR] /C:/Users/Administrator/abaco/backend/src/main/java/br/com/basis/abaco/web/rest/ModuloResource.java:[190,17] cannot find symbol
  symbol:   class Modulo
  location: class br.com.basis.abaco.web.rest.ModuloResource
[INFO] 8 errors 
[INFO] -------------------------------------------------------------
[INFO] ------------------------------------------------------------------------
[INFO] BUILD FAILURE
[INFO] ------------------------------------------------------------------------
[INFO] Total time: 15.312 s
[INFO] Finished at: 2026-02-25T17:47:35-03:00
[INFO] Final Memory: 72M/944M
[INFO] ------------------------------------------------------------------------
[ERROR] Failed to execute goal org.apache.maven.plugins:maven-compiler-plugin:3.6.0:compile (default-compile) on project abaco: Compilation failure: Compilation failure:
[ERROR] /C:/Users/Administrator/abaco/backend/src/main/java/br/com/basis/abaco/web/rest/ModuloResource.java:[84,68] cannot find symbol
[ERROR] symbol:   class Modulo
[ERROR] location: class br.com.basis.abaco.web.rest.ModuloResource
[ERROR] /C:/Users/Administrator/abaco/backend/src/main/java/br/com/basis/abaco/web/rest/ModuloResource.java:[84,27] cannot find symbol
[ERROR] symbol:   class Modulo
[ERROR] location: class br.com.basis.abaco.web.rest.ModuloResource
[ERROR] /C:/Users/Administrator/abaco/backend/src/main/java/br/com/basis/abaco/web/rest/ModuloResource.java:[118,68] cannot find symbol
[ERROR] symbol:   class Modulo
[ERROR] location: class br.com.basis.abaco.web.rest.ModuloResource
[ERROR] /C:/Users/Administrator/abaco/backend/src/main/java/br/com/basis/abaco/web/rest/ModuloResource.java:[118,27] cannot find symbol
[ERROR] symbol:   class Modulo
[ERROR] location: class br.com.basis.abaco.web.rest.ModuloResource
[ERROR] /C:/Users/Administrator/abaco/backend/src/main/java/br/com/basis/abaco/web/rest/ModuloResource.java:[137,17] cannot find symbol
[ERROR] symbol:   class Modulo
[ERROR] location: class br.com.basis.abaco.web.rest.ModuloResource
[ERROR] /C:/Users/Administrator/abaco/backend/src/main/java/br/com/basis/abaco/web/rest/ModuloResource.java:[150,27] cannot find symbol
[ERROR] symbol:   class Modulo
[ERROR] location: class br.com.basis.abaco.web.rest.ModuloResource
[ERROR] /C:/Users/Administrator/abaco/backend/src/main/java/br/com/basis/abaco/web/rest/ModuloResource.java:[160,27] cannot find symbol
[ERROR] symbol:   class Modulo
[ERROR] location: class br.com.basis.abaco.web.rest.ModuloResource
[ERROR] /C:/Users/Administrator/abaco/backend/src/main/java/br/com/basis/abaco/web/rest/ModuloResource.java:[190,17] cannot find symbol
[ERROR] symbol:   class Modulo
[ERROR] location: class br.com.basis.abaco.web.rest.ModuloResource
[ERROR] -> [Help 1]
[ERROR] 
[ERROR] To see the full stack trace of the errors, re-run Maven with the -e switch.
[ERROR] Re-run Maven using the -X switch to enable full debug logging.
[ERROR] 
[ERROR] For more information about the errors and possible solutions, please read the following articles:
[ERROR] [Help 1] http://cwiki.apache.org/confluence/display/MAVEN/MojoFailureException
