[INFO] Scanning for projects...
[WARNING] The project br.com.basis.abaco:abaco:war:3.0.4 uses prerequisites which is only intended for maven-plugin projects but not for non maven-plugin projects. For such purposes you should use the maven-enforcer-plugin. See https://maven.apache.org/enforcer/enforcer-rules/requireMavenVersion.html
[INFO] 
[INFO] ----------------------< br.com.basis.abaco:abaco >----------------------
[INFO] Building Abaco 3.0.4
[INFO]   from pom.xml
[INFO] --------------------------------[ war ]---------------------------------
[INFO] 
[INFO] --- resources:3.0.1:copy-resources (default-resources) @ abaco ---
[INFO] Using 'UTF-8' encoding to copy filtered resources.
[INFO] Copying 63 resources
[INFO] Copying 78 resources
[INFO] 
[INFO] --- resources:3.0.1:resources (default-resources) @ abaco ---
[WARNING]  Parameter 'resources' is read-only, must not be used in configuration
[INFO] Using 'UTF-8' encoding to copy filtered resources.
[INFO] Copying 63 resources
[INFO] Copying 78 resources
[INFO] 
[INFO] --- enforcer:1.4.1:enforce (enforce-versions) @ abaco ---
[INFO] 
[INFO] --- jacoco:0.7.9:prepare-agent (pre-unit-tests) @ abaco ---
[INFO] argLine set to -javaagent:C:\\Users\\Administrator\\.m2\\repository\\org\\jacoco\\org.jacoco.agent\\0.7.9\\org.jacoco.agent-0.7.9-runtime.jar=destfile=C:\\Users\\Administrator\\abaco\\backend\\target\\test-results\\coverage\\jacoco\\jacoco.exec -Djava.security.egd=file:/dev/./urandom -Xmx256m
[INFO] 
[INFO] --- compiler:3.6.0:compile (default-compile) @ abaco ---
[INFO] Changes detected - recompiling the module!
[INFO] Compiling 490 source files to C:\Users\Administrator\abaco\backend\target\classes
[INFO] /C:/Users/Administrator/abaco/backend/src/main/java/br/com/basis/abaco/web/rest/ReportController.java: Some input files use unchecked or unsafe operations.
[INFO] /C:/Users/Administrator/abaco/backend/src/main/java/br/com/basis/abaco/web/rest/ReportController.java: Recompile with -Xlint:unchecked for details.
[INFO] 
[INFO] --- resources:3.0.1:testResources (default-testResources) @ abaco ---
[INFO] Using 'UTF-8' encoding to copy filtered resources.
[INFO] Copying 3 resources
[INFO] Copying 1 resource
[INFO] 
[INFO] --- compiler:3.6.0:testCompile (default-testCompile) @ abaco ---
[INFO] Nothing to compile - all classes are up to date
[INFO] 
[INFO] --- surefire:2.18.1:test (default-test) @ abaco ---
[INFO] ------------------------------------------------------------------------
[INFO] BUILD FAILURE
[INFO] ------------------------------------------------------------------------
[INFO] Total time:  19.299 s
[INFO] Finished at: 2026-02-03T21:37:03-03:00
[INFO] ------------------------------------------------------------------------
[ERROR] Failed to execute goal org.apache.maven.plugins:maven-surefire-plugin:2.18.1:test (default-test) on project abaco: No tests were executed!  (Set -DfailIfNoTests=false to ignore this error.) -> [Help 1]
[ERROR] 
[ERROR] To see the full stack trace of the errors, re-run Maven with the -e switch.
[ERROR] Re-run Maven using the -X switch to enable full debug logging.
[ERROR] 
[ERROR] For more information about the errors and possible solutions, please read the following articles:
[ERROR] [Help 1] http://cwiki.apache.org/confluence/display/MAVEN/MojoFailureException
